Александр Пикуль, Линукс - рабочая станция, ДЗ № 3

1. Управление пользователями:

a) создать нового пользователя:

git@DESKTOP-HMJM1SR:~$ adduser divino
adduser: Only root may add a user or group to the system.
git@DESKTOP-HMJM1SR:~$ sudo !!
sudo adduser divino
Adding user `divino' ...
Adding new group `divino' (1001) ...
Adding new user `divino' (1001) with group `divino' ...
Creating home directory `/home/divino' ...
Copying files from `/etc/skel' ...
New password:
Retype new password:
passwd: password updated successfully
Changing the user information for divino
Enter the new value, or press ENTER for the default
        Full Name []: Alex Divino
        Room Number []: 23
        Work Phone []: 345-654-21
        Home Phone []: 89017683211
        Other []: Hakerman
Is the information correct? [Y/n] Y
git@DESKTOP-HMJM1SR:~$


b) убедиться, что информация о нем появилась в соответствующих файлах в системе:

git@DESKTOP-HMJM1SR:/etc$ cat passwd
divino:x:1001:1001:Alex Divino,23,345-654-21,89017683211,Hakerman:/home/divino:/bin/bash

git@DESKTOP-HMJM1SR:/etc$ cat group
divino:x:1001:

t@DESKTOP-HMJM1SR:/etc$ cat shadow
cat: shadow: Permission denied
git@DESKTOP-HMJM1SR:/etc$ sudo !!
divino:$6$002dzelSEMltFdXb$ClsqbV.Brn/GM4zKlTLDLFWYkdTAfoxWIAw4NPWipsVLIsJUovoA4xR3KEi59SzDP2GQzNFC9KIrLlZ.Ic9ln1:19196:0:99999:7:::

c) удалить созданного пользователя:

git@DESKTOP-HMJM1SR:/$ userdel -r divino
userdel: Permission denied.
userdel: cannot lock /etc/passwd; try again later.
git@DESKTOP-HMJM1SR:/$ sudo !!
sudo userdel -r divino
userdel: divino mail spool (/var/mail/divino) not found

___________________________________________________________________

2. Управление группами:

a) создать группу:

git@DESKTOP-HMJM1SR:/$ addgroup lesson_3
addgroup: Only root may add a user or group to the system.
git@DESKTOP-HMJM1SR:/$ sudo !!
sudo addgroup lesson_3
Adding group `lesson_3' (GID 1001) ...
Done.

b) попрактиковаться в смене групп у пользователей:

git@DESKTOP-HMJM1SR:/etc$ cat passwd
user_1:x:1001:1002:user_1,1,1,1,1:/home/user_1:/bin/bash
user_2:x:1002:1004:user_2,2,3,4,5:/home/user_2:/bin/bash

git@DESKTOP-HMJM1SR:/etc$ cat group
user_1:x:1002:
user_2:x:1004:

git@DESKTOP-HMJM1SR:/etc$ su user_1
Password:
user_1@DESKTOP-HMJM1SR:/etc$ groups
user_1
user_1@DESKTOP-HMJM1SR:/etc$ groups user_2
user_2 : user_2
user_1@DESKTOP-HMJM1SR:/etc$ exit
exit

git@DESKTOP-HMJM1SR:/etc$ sudo usermod -aG user_2 user_1
git@DESKTOP-HMJM1SR:/etc$ sudo usermod -aG sudo user_1
git@DESKTOP-HMJM1SR:/etc$ sudo usermod -aG user_1 user_2
git@DESKTOP-HMJM1SR:/etc$ sudo usermod -aG sudo user_2
git@DESKTOP-HMJM1SR:/etc$ groups user_1
user_1 : user_1 sudo user_2
git@DESKTOP-HMJM1SR:/etc$ groups user_2
user_2 : user_2 sudo user_1

c) добавить пользователя в группу, не меняя основной:

git@DESKTOP-HMJM1SR:/etc$ sudo usermod -aG lesson_3 user_2
git@DESKTOP-HMJM1SR:/etc$ sudo usermod -aG lesson_3 user_1
git@DESKTOP-HMJM1SR:/etc$ groups user_2
user_2 : user_2 sudo lesson_3 user_1
git@DESKTOP-HMJM1SR:/etc$ groups user_1
user_1 : user_1 sudo lesson_3 user_2

d) удалить пользователя из группы:

git@DESKTOP-HMJM1SR:/etc$ sudo gpasswd -d user_1 lesson_3
Removing user user_1 from group lesson_3
git@DESKTOP-HMJM1SR:/etc$ sudo gpasswd -d user_2 lesson_3
Removing user user_2 from group lesson_3
git@DESKTOP-HMJM1SR:/etc$ groups user_1
user_1 : user_1 sudo user_2
git@DESKTOP-HMJM1SR:/etc$ groups user_2
user_2 : user_2 sudo user_1
git@DESKTOP-HMJM1SR:/etc$ cat group
lesson_3:x:1001
_________________________________________________________________________________________
3. Создать пользователя с правами суперпользователя. Проверить результат:

git@DESKTOP-HMJM1SR:/etc$ sudo adduser alex
Adding user `alex' ...
Adding new group `alex' (1005) ...
Adding new user `alex' (1003) with group `alex' ...
The home directory `/home/alex' already exists.  Not copying from `/etc/skel'.
New password:
Retype new password:
passwd: password updated successfully
Changing the user information for alex
Enter the new value, or press ENTER for the default
        Full Name []: alex
        Room Number []: 3
        Work Phone []: 3
        Home Phone []: 3
        Other []: 3
Is the information correct? [Y/n] y
git@DESKTOP-HMJM1SR:/etc$ su alex
Password:
alex@DESKTOP-HMJM1SR:/etc$ sudo cat shadow
alex is not in the sudoers file.  This incident will be reported.

alex@DESKTOP-HMJM1SR:/etc$ exit
exit
git@DESKTOP-HMJM1SR:/etc$ sudo usermod -aG sudo alex
git@DESKTOP-HMJM1SR:/etc$ su alex
Password:
alex@DESKTOP-HMJM1SR:/etc$ sudo cat shadow
alex:$6$Vx4ORErWZNc81xGQ$LOU.HnY1jBUsXGimBcN/ZwvBt1iKPL4ZkFNOKQwrwtqSSu1ExyE1FN0Ohv.4W2YJmTzOPeN1gI8QI1RmFpMoy0:19196:0:99999:7:::

__________________________________________________________________________________________
4. * Используя дополнительные материалы, выдать одному из созданных пользователей право на выполнение ряда команд, требующих прав суперпользователя (команды выбираем на своё усмотрение):

root@DESKTOP-HMJM1SR:/# touch secret.txt
root@DESKTOP-HMJM1SR:/# vim secret.txt
root@DESKTOP-HMJM1SR:/# cat secret.txt
This is BIG secret you can`t delete me
root@DESKTOP-HMJM1SR:/# su alex
alex@DESKTOP-HMJM1SR:/$ rm -r secret.txt
rm: remove write-protected regular file 'secret.txt'? y
rm: cannot remove 'secret.txt': Permission denied

alex@DESKTOP-HMJM1SR:/$ exit
exit
root@DESKTOP-HMJM1SR:/# addgroup root_friends
Adding group `root_friends' (GID 1006) ...
Done.
root@DESKTOP-HMJM1SR:/# usermod -aG root_friends alex
root@DESKTOP-HMJM1SR:/# groups alex
alex : alex sudo root_friends
root@DESKTOP-HMJM1SR:/# chgrp root_friends secret.txt
root@DESKTOP-HMJM1SR:/# ls -l
-rw-r--r--   1 root root_friends      19 Jul 23 19:54 secret.txt

alex@DESKTOP-HMJM1SR:/$ rm secret.txt







